
Memory Configuration

Name             Origin             Length             Attributes
flash            0x00000000         0x20000000         xr
Sram             0x20000000         0x20000000         xrw
*default*        0x00000000         0xffffffff

Linker script and memory map


.TEXT           0x00000000      0x130
 *(.vectors*)
 .vectors       0x00000000       0x14 startup.o
                0x00000000                g_p_fn_Vectors
 *(.text*)
 .text          0x00000014       0x90 startup.o
                0x00000014                Rest_Handler
                0x00000098                Default_Handler
                0x00000098                H_fault_Handler
                0x00000098                MM_fault_Handler
                0x00000098                NMI_Handler
 .text          0x000000a4       0x8c main.o
                0x000000a4                main
 *(.rodata)
                0x00000130                        _E_text = .

.glue_7         0x00000130        0x0
 .glue_7        0x00000130        0x0 linker stubs

.glue_7t        0x00000130        0x0
 .glue_7t       0x00000130        0x0 linker stubs

.vfp11_veneer   0x00000130        0x0
 .vfp11_veneer  0x00000130        0x0 linker stubs

.v4_bx          0x00000130        0x0
 .v4_bx         0x00000130        0x0 linker stubs

.iplt           0x00000130        0x0
 .iplt          0x00000130        0x0 startup.o

.igot.plt       0x00000130        0x0
 .igot.plt      0x00000130        0x0 startup.o

.rel.dyn        0x00000130        0x0
 .rel.iplt      0x00000130        0x0 startup.o

.DATA           0x20000000        0x0 load address 0x00000130
                0x20000000                        _S_data = .
 *(.data)
 .data          0x20000000        0x0 startup.o
 .data          0x20000000        0x0 main.o
                0x20000000                        _E_data = .

.BSS            0x20000000      0x400 load address 0x00000130
                0x20000000                        _S_bss = .
 *(.bss)
 .bss           0x20000000      0x400 startup.o
 .bss           0x20000400        0x0 main.o
                0x20000400                        _E_bss = .
                0x20000400                        . = ALIGN (0x4)
LOAD startup.o
LOAD main.o
OUTPUT(Tiva_c_led.elf elf32-littlearm)
LOAD linker stubs

.debug_info     0x00000000      0x24d
 .debug_info    0x00000000      0x1f0 startup.o
 .debug_info    0x000001f0       0x5d main.o

.debug_abbrev   0x00000000      0x15f
 .debug_abbrev  0x00000000      0x10c startup.o
 .debug_abbrev  0x0000010c       0x53 main.o

.debug_loc      0x00000000       0xb4
 .debug_loc     0x00000000       0x7c startup.o
 .debug_loc     0x0000007c       0x38 main.o

.debug_aranges  0x00000000       0x40
 .debug_aranges
                0x00000000       0x20 startup.o
 .debug_aranges
                0x00000020       0x20 main.o

.debug_line     0x00000000      0x227
 .debug_line    0x00000000      0x198 startup.o
 .debug_line    0x00000198       0x8f main.o

.debug_str      0x00000000      0x1a1
 .debug_str     0x00000000      0x18c startup.o
                                0x1d1 (size before relaxing)
 .debug_str     0x0000018c       0x15 main.o
                                 0xc7 (size before relaxing)

.comment        0x00000000       0x55
 .comment       0x00000000       0x55 startup.o
                                 0x56 (size before relaxing)
 .comment       0x00000055       0x56 main.o

.ARM.attributes
                0x00000000       0x2e
 .ARM.attributes
                0x00000000       0x2e startup.o
 .ARM.attributes
                0x0000002e       0x2e main.o

.debug_frame    0x00000000       0x7c
 .debug_frame   0x00000000       0x50 startup.o
 .debug_frame   0x00000050       0x2c main.o
