
Memory Configuration

Name             Origin             Length             Attributes
flash            0x08000000         0x00020000         xr
Sram             0x20000000         0x00005000         xrw
*default*        0x00000000         0xffffffff

Linker script and memory map


.TEXT           0x08000000      0x120
 *(.vectors*)
 .vectors       0x08000000       0x14 startup.o
                0x08000000                vectors
 *(.text*)
 .text          0x08000014       0x90 startup.o
                0x08000014                Rest_Handler
                0x08000098                Default_Handler
                0x08000098                H_fault_Handler
                0x08000098                MM_fault_Handler
                0x08000098                NMI_Handler
 .text          0x080000a4       0x7c main.o
                0x080000a4                main
 *(.rodata)
                0x08000120                        _E_text = .

.glue_7         0x08000120        0x0
 .glue_7        0x08000120        0x0 linker stubs

.glue_7t        0x08000120        0x0
 .glue_7t       0x08000120        0x0 linker stubs

.vfp11_veneer   0x08000120        0x0
 .vfp11_veneer  0x08000120        0x0 linker stubs

.v4_bx          0x08000120        0x0
 .v4_bx         0x08000120        0x0 linker stubs

.iplt           0x08000120        0x0
 .iplt          0x08000120        0x0 startup.o

.igot.plt       0x08000120        0x0
 .igot.plt      0x08000120        0x0 startup.o

.rel.dyn        0x08000120        0x0
 .rel.iplt      0x08000120        0x0 startup.o

.DATA           0x20000000        0x8 load address 0x08000120
                0x20000000                        _S_data = .
 *(.data)
 .data          0x20000000        0x0 startup.o
 .data          0x20000000        0x8 main.o
                0x20000000                R_ODR
                0x20000004                _data
                0x20000008                        _E_data = .

.BSS            0x20000008       0x64 load address 0x08000128
                0x20000008                        _S_bss = .
 *(.bss)
 .bss           0x20000008        0x0 startup.o
 .bss           0x20000008       0x64 main.o
                0x20000008                bss_data
                0x2000006c                        _E_bss = .
                0x2000006c                        . = ALIGN (0x4)
                0x2000106c                        . = (. + 0x1000)
                0x2000106c                        stack_top = .
LOAD startup.o
LOAD main.o
OUTPUT(cortex-m3_led.elf elf32-littlearm)
LOAD linker stubs

.debug_info     0x00000000      0x2fa
 .debug_info    0x00000000      0x1c5 startup.o
 .debug_info    0x000001c5      0x135 main.o

.debug_abbrev   0x00000000      0x1e7
 .debug_abbrev  0x00000000       0xf9 startup.o
 .debug_abbrev  0x000000f9       0xee main.o

.debug_loc      0x00000000       0xb4
 .debug_loc     0x00000000       0x7c startup.o
 .debug_loc     0x0000007c       0x38 main.o

.debug_aranges  0x00000000       0x40
 .debug_aranges
                0x00000000       0x20 startup.o
 .debug_aranges
                0x00000020       0x20 main.o

.debug_line     0x00000000      0x219
 .debug_line    0x00000000      0x198 startup.o
 .debug_line    0x00000198       0x81 main.o

.debug_str      0x00000000      0x1c4
 .debug_str     0x00000000      0x181 startup.o
                                0x1c6 (size before relaxing)
 .debug_str     0x00000181       0x43 main.o
                                0x100 (size before relaxing)

.comment        0x00000000       0x55
 .comment       0x00000000       0x55 startup.o
                                 0x56 (size before relaxing)
 .comment       0x00000055       0x56 main.o

.ARM.attributes
                0x00000000       0x2d
 .ARM.attributes
                0x00000000       0x2d startup.o
 .ARM.attributes
                0x0000002d       0x2d main.o

.debug_frame    0x00000000       0x7c
 .debug_frame   0x00000000       0x50 startup.o
 .debug_frame   0x00000050       0x2c main.o
