
Memory Configuration

Name             Origin             Length             Attributes
Mem              0x00000000         0x04000000         xrw
*default*        0x00000000         0xffffffff

Linker script and memory map

                0x00010000                        . = 0x10000

.startup        0x00010000       0x10
 startup.o(.text)
 .text          0x00010000       0x10 startup.o
                0x00010000                reset

.txt            0x00010010       0x74
 *(.text)
 .text          0x00010010       0x1c app.o
                0x00010010                main
 .text          0x0001002c       0x58 uart.o
                0x0001002c                Uart_Send_string

.glue_7         0x00010084        0x0
 .glue_7        0x00010084        0x0 linker stubs

.glue_7t        0x00010084        0x0
 .glue_7t       0x00010084        0x0 linker stubs

.vfp11_veneer   0x00010084        0x0
 .vfp11_veneer  0x00010084        0x0 linker stubs

.v4_bx          0x00010084        0x0
 .v4_bx         0x00010084        0x0 linker stubs

.iplt           0x00010084        0x0
 .iplt          0x00010084        0x0 startup.o

.rel.dyn        0x00010084        0x0
 .rel.iplt      0x00010084        0x0 startup.o

.data           0x00010084       0x64
 *(.data)
 .data          0x00010084        0x0 startup.o
 .data          0x00010084       0x64 app.o
                0x00010084                name
 .data          0x000100e8        0x0 uart.o

.igot.plt       0x000100e8        0x0
 .igot.plt      0x000100e8        0x0 startup.o

.bss            0x000100e8       0x64
 *(.bss)
 .bss           0x000100e8        0x0 startup.o
 .bss           0x000100e8       0x64 app.o
                0x000100e8                string
 .bss           0x0001014c        0x0 uart.o
                0x0001114c                        . = (. + 0x1000)
                0x0001114c                        stack_top = .
LOAD startup.o
LOAD app.o
LOAD uart.o
OUTPUT(lid.elf elf32-littlearm)
LOAD linker stubs

.ARM.attributes
                0x00000000       0x2e
 .ARM.attributes
                0x00000000       0x22 startup.o
 .ARM.attributes
                0x00000022       0x2c app.o
 .ARM.attributes
                0x0000004e       0x2a uart.o

.comment        0x00000000       0x55
 .comment       0x00000000       0x55 app.o
                                 0x56 (size before relaxing)
 .comment       0x00000055       0x56 uart.o

.debug_line     0x00000000       0x7f
 .debug_line    0x00000000       0x3a startup.o
 .debug_line    0x0000003a       0x45 app.o

.debug_info     0x00000000       0xbc
 .debug_info    0x00000000       0x26 startup.o
 .debug_info    0x00000026       0x96 app.o

.debug_abbrev   0x00000000       0x98
 .debug_abbrev  0x00000000       0x14 startup.o
 .debug_abbrev  0x00000014       0x84 app.o

.debug_aranges  0x00000000       0x40
 .debug_aranges
                0x00000000       0x20 startup.o
 .debug_aranges
                0x00000020       0x20 app.o

.debug_str      0x00000000       0xe4
 .debug_str     0x00000000       0x55 startup.o
 .debug_str     0x00000055       0x8f app.o
                                 0xd8 (size before relaxing)

.debug_frame    0x00000000       0x2c
 .debug_frame   0x00000000       0x2c app.o
